adduser
alacarte
alsa-utils
apt
apt-clone
apt-listchanges
apt-utils
arandr
avahi-daemon
base-files
base-passwd
bash
bash-completion
bsdmainutils
bsdutils
build-essential
ca-certificates
chromium-browser
cifs-utils
console-setup
coreutils
cpio
crda
cron
cups
curl
dash
debconf
debconf-i18n
debconf-utils
debian-reference-en
debianutils
desktop-base
dhcpcd5
diffutils
dillo
dirmngr
dmidecode
dmsetup
dos2unix
dosfstools
dphys-swapfile
dpkg
e2fsprogs
ed
ethtool
fake-hwclock
fbset
fdisk
ffmpeg
findutils
firmware-atheros
firmware-brcm80211
firmware-libertas
firmware-misc-nonfree
firmware-realtek
fonts-droid-fallback
fonts-liberation2
gcc-4.9-base
gcc-5-base
gcc-6-base
gcc-7-base
gcc-8-base
gdb
gdbm-l10n
geany
git
gldriver-test
gnome-icon-theme
gnome-screenshot
gnupg
gnupg-l10n
gnupg-utils
gpg
gpg-agent
gpg-wks-client
gpg-wks-server
gpgconf
gpgsm
gpgv
grep
groff-base
gstreamer1.0-alsa
gstreamer1.0-libav
gstreamer1.0-omx
gstreamer1.0-plugins-bad
gstreamer1.0-plugins-base
gstreamer1.0-plugins-good
gstreamer1.0-x
gtk2-engines
gvfs
gvfs-backends
gvfs-fuse
gzip
hardlink
hostname
htop
hunspell-en-gb
hyphen-en-gb
ifupdown
info
init
init-system-helpers
install-info
iproute2
iptables
iputils-ping
isc-dhcp-client
isc-dhcp-common
keyboard-configuration
kmod
less
libacl1
libapparmor1
libapt-inst2.0
libapt-pkg5.0
libargon2-1
libassuan0
libatlas-base-dev
libatomic1
libattr1
libaudit-common
libaudit1
libblkid1
libboost-iostreams1.58.0
libbsd0
libbz2-1.0
libbz2-dev
libc-bin
libc6
libcap-ng0
libcap2
libcap2-bin
libcom-err2
libcryptsetup12
libdb5.3
libdb5.3-dev
libdebconfclient0
libdevmapper1.02.1
libdns-export1104
libelf1
libestr0
libexpat1-dev
libext2fs2
libfastjson4
libfdisk1
libffi-dev
libffi6
libfreetype6-dev
libgcc1
libgcrypt20
libgdbm-dev
libgdbm6
libgl1-mesa-dri
libgles1
libgles2-mesa
libgmp10
libgnutls30
libgpg-error0
libhogweed4
libident
libidn11
libidn2-0
libip4tc0
libip6tc0
libiptc0
libisc-export1100
libjson-c3
libkmod2
libksba8
libldap-2.4-2
libldap-common
liblocale-gettext-perl
liblognorm5
liblz4-1
liblzma-dev
liblzma5
libmnl-dev
libmnl0
libmount1
libmtp-runtime
libncurses5-dev
libncurses6
libncursesw5-dev
libncursesw6
libnetfilter-conntrack3
libnettle6
libnfnetlink0
libnftnl11
libnpth0
libp11-kit0
libpam-chksshpwd
libpam-modules
libpam-modules-bin
libpam-runtime
libpam0g
libpcre3
libpipeline1
libpopt0
libprocps7
libraspberrypi-bin
libraspberrypi-dev
libraspberrypi-doc
libraspberrypi0
libreadline-dev
libreadline6
libreadline7
libsasl2-2
libsasl2-modules-db
libseccomp2
libselinux1
libsemanage-common
libsemanage1
libsepol1
libsigc++-1.2-5c2
libsmartcols1
libsqlite3-0
libsqlite3-dev
libss2
libssl-dev
libssl1.1
libstdc++6
libsystemd0
libtasn1-6
libtext-charwidth-perl
libtext-iconv-perl
libtext-wrapi18n-perl
libtinfo5
libtinfo6
libuchardet0
libudev0
libudev1
libunistring2
libuuid1
libxtables12
libzstd1
lightdm
locales
login
logrotate
lsb-base
lua5.1
luajit
lxde
lxtask
man-db
manpages-dev
mawk
menu-xdg
mount
mousepad
multiarch-support
nano
ncdu
ncurses-base
ncurses-bin
net-tools
netbase
netcat-openbsd
netcat-traditional
nfs-common
ntfs-3g
obconf
omxplayer
parted
passwd
paxctld
pciutils
perl-base
pi-bluetooth
pi-package
piclone
pigpio
pinentry-curses
piwiz
pkg-config
policykit-1
pprompt
procps
psmisc
pypy
python
python-automationhat
python-blinkt
python-buttonshim
python-cap1xxx
python-drumhat
python-envirophat
python-explorerhat
python-flask
python-fourletterphat
python-gpiozero
python-microdotphat
python-mote
python-motephat
python-pantilthat
python-phatbeat
python-pianohat
python-picamera
python-piglow
python-pigpio
python-pip
python-pygame
python-rainbowhat
python-rpi.gpio
python-scrollphat
python-scrollphathd
python-serial
python-skywriter
python-smbus
python-sn3218
python-spidev
python-tk
python-touchphat
python-twython
python-unicornhathd
python3
python3-automationhat
python3-blinkt
python3-buttonshim
python3-cap1xxx
python3-drumhat
python3-envirophat
python3-explorerhat
python3-flask
python3-fourletterphat
python3-gpiozero
python3-microdotphat
python3-mote
python3-motephat
python3-numpy
python3-pantilthat
python3-pgzero
python3-phatbeat
python3-pianohat
python3-picamera
python3-piglow
python3-pigpio
python3-pip
python3-pygame
python3-rainbowhat
python3-rpi.gpio
python3-scrollphat
python3-scrollphathd
python3-serial
python3-skywriter
python3-smbus
python3-sn3218
python3-spidev
python3-tk
python3-touchphat
python3-twython
python3-unicornhathd
python3.7
qpdfview
raspberrypi-artwork
raspberrypi-bootloader
raspberrypi-kernel
raspberrypi-net-mods
raspberrypi-sys-mods
raspberrypi-ui-mods
raspbian-archive-keyring
raspi-config
raspi-copies-and-fills
raspi-gpio
raspinfo
rc-gui
readline-common
realvnc-vnc-server
rfkill
rng-tools
rp-prefapps
rpi-chromium-mods
rpi-eeprom
rpi-update
rsync
rsyslog
sed
sense-hat
sensible-utils
ssh
ssh-import-id
sshpass
strace
sudo
system-config-printer
systemd
systemd-sysv
sysvinit-utils
tar
tasksel
tasksel-data
thonny
tk-dev
traceroute
tree
tzdata
udev
unzip
usb-modeswitch
usbutils
util-linux
v4l-utils
vim-common
vim-tiny
vl805fw
vlc
wamerican
wbritish
wireless-tools
wiringpi
wpasupplicant
xcompmgr
xdg-utils
xinit
xserver-xorg
xserver-xorg-video-fbdev
xserver-xorg-video-fbturbo
xxd
zenity
zlib1g
zlib1g-dev
