acl
adwaita-icon-theme
agnostics
aspell
aspell-en
bc
bind9-host
binutils
binutils-arm-linux-gnueabihf
binutils-common
blt
bluez
bluez-firmware
bubblewrap
busybox
bzip2
bzip2-doc
chromium-browser-l10n
chromium-codecs-ffmpeg-extra
colord
colord-data
console-setup-linux
cpp
cpp-8
cups-browsed
cups-client
cups-common
cups-core-drivers
cups-daemon
cups-filters
cups-filters-core-drivers
cups-ipp-utils
cups-pk-helper
cups-ppdc
cups-server-common
dbus
dbus-user-session
dbus-x11
dc
dconf-gsettings-backend
dconf-service
debian-reference-common
desktop-file-utils
device-tree-compiler
dh-python
dictionaries-common
distro-info-data
docutils-common
dpkg-dev
dpkg-repack
eject
emacsen-common
fakeroot
file
fio
flashrom
fontconfig
fontconfig-config
fonts-dejavu-core
fonts-freefont-ttf
fonts-noto-mono
fonts-piboto
fonts-quicksand
fuse
g++
g++-8
galculator
gcc
gcc-8
gdisk
geany-common
geoip-database
gettext-base
ghostscript
giblib1
gir1.2-atk-1.0
gir1.2-freedesktop
gir1.2-gdkpixbuf-2.0
gir1.2-glib-2.0
gir1.2-gmenu-3.0
gir1.2-gtk-3.0
gir1.2-notify-0.7
gir1.2-packagekitglib-1.0
gir1.2-pango-1.0
gir1.2-polkit-1.0
gir1.2-secret-1
git-man
glib-networking
glib-networking-common
glib-networking-services
gnome-accessibility-themes
gnome-menus
gnome-themes-extra
gnome-themes-extra-data
gnome-themes-standard
gpicview
gsettings-desktop-schemas
gsfonts
gstreamer1.0-omx-rpi
gstreamer1.0-omx-rpi-config
gtk-update-icon-cache
gtk2-engines-clearlookspix
gtk2-engines-pixbuf
gtk2-engines-pixflat
gui-pkinst
gvfs-common
gvfs-daemons
gvfs-libs
hicolor-icon-theme
hplip
hplip-data
i2c-tools
ibverbs-providers
initramfs-tools
initramfs-tools-core
iso-codes
iw
javascript-common
kbd
keyutils
klibc-utils
laptop-detect
liba52-0.7.4
libaa1
libaio1
libalgorithm-diff-perl
libalgorithm-diff-xs-perl
libalgorithm-merge-perl
libaom0
libappstream4
libarchive13
libaribb24-0
libasan5
libasound2
libasound2-data
libasound2-plugins
libaspell15
libass9
libasyncns0
libatasmart4
libatk-bridge2.0-0
libatk1.0-0
libatk1.0-data
libatlas3-base
libatspi2.0-0
libavahi-client3
libavahi-common-data
libavahi-common3
libavahi-core7
libavahi-glib1
libavc1394-0
libavcodec58
libavdevice58
libavfilter7
libavformat58
libavresample4
libavutil56
libbabeltrace1
libbasicusageenvironment1
libbind9-161
libbinutils
libblas3
libblockdev-fs2
libblockdev-loop2
libblockdev-part-err2
libblockdev-part2
libblockdev-swap2
libblockdev-utils2
libblockdev2
libbluray2
libboost-atomic1.67.0
libboost-iostreams1.67.0
libboost-regex1.67.0
libboost-system1.67.0
libboost-thread1.67.0
libbrotli1
libbs2b0
libc-dev-bin
libc-l10n
libc6-dbg
libc6-dev
libcaca0
libcairo-gobject2
libcairo2
libcanberra-gtk3-0
libcanberra0
libcc1-0
libcddb2
libcdio-cdda2
libcdio-paranoia2
libcdio18
libcdparanoia0
libchromaprint1
libcodec2-0.8.1
libcolord2
libcolorhug2
libcroco3
libcups2
libcupsfilters1
libcupsimage2
libcurl3-gnutls
libcurl4
libdaemon0
libdatrie1
libdav1d3
libdbus-1-3
libdbus-glib-1-2
libdc1394-22
libdca0
libdconf1
libde265-0
libdjvulibre-text
libdjvulibre21
libdns1104
libdouble-conversion1
libdpkg-perl
libdrm-amdgpu1
libdrm-common
libdrm-nouveau2
libdrm-radeon1
libdrm2
libdv4
libdvbpsi10
libdvdnav4
libdvdread4
libdw1
libebml4v5
libedit2
libegl-mesa0
libegl1
libenchant1c2a
libepoxy0
liberror-perl
libevdev2
libevent-2.1-6
libexif12
libexpat1
libfaad2
libfakeroot
libfftw3-double3
libfftw3-single3
libfile-fcntllock-perl
libfl2
libflac8
libflite1
libfltk1.3
libfluidsynth1
libfm-data
libfm-extra4
libfm-gtk-data
libfm-gtk4
libfm-modules
libfm4
libfontconfig1
libfontconfig1-dev
libfontembed1
libfontenc1
libfreetype6
libfribidi0
libfstrm0
libftdi1-2
libfuse2
libgbm1
libgcc-8-dev
libgck-1-0
libgcr-base-3-1
libgd3
libgdata-common
libgdata22
libgdbm-compat4
libgdk-pixbuf2.0-0
libgdk-pixbuf2.0-common
libgeoip1
libgfapi0
libgfortran5
libgfrpc0
libgfxdr0
libgif7
libgirepository-1.0-1
libgl1
libglapi-mesa
libgles2
libglib2.0-0
libglib2.0-bin
libglib2.0-data
libglusterfs0
libglvnd0
libglx-mesa0
libglx0
libgme0
libgnome-menu-3-0
libgoa-1.0-0b
libgoa-1.0-common
libgomp1
libgphoto2-6
libgphoto2-port12
libgpm2
libgraphite2-3
libgroupsock8
libgs9
libgs9-common
libgsm1
libgssapi-krb5-2
libgssdp-1.0-3
libgstreamer-gl1.0-0
libgstreamer-plugins-bad1.0-0
libgstreamer-plugins-base1.0-0
libgstreamer1.0-0
libgtk-3-0
libgtk-3-common
libgtk2.0-0
libgtk2.0-bin
libgtk2.0-common
libgtksourceview-3.0-1
libgtksourceview-3.0-common
libgudev-1.0-0
libgupnp-1.0-4
libgupnp-igd-1.0-4
libgusb2
libgutenprint-common
libgutenprint9
libharfbuzz-icu0
libharfbuzz0b
libhpmud0
libhunspell-1.7-0
libhyphen0
libi2c0
libibverbs1
libice-dev
libice6
libicu63
libid3tag0
libiec61883-0
libieee1284-3
libijs-0.35
libilmbase23
libimagequant0
libimlib2
libimobiledevice6
libindicator3-7
libinput-bin
libinput10
libisc1100
libisccc161
libisccfg163
libisl19
libiw30
libixml10
libjack-jackd2-0
libjansson4
libjavascriptcoregtk-4.0-18
libjbig0
libjbig2dec0
libjim0.77
libjpeg62-turbo
libjs-jquery
libjs-sphinxdoc
libjs-underscore
libjson-glib-1.0-0
libjson-glib-1.0-common
libk5crypto3
libkate1
libkeybinder0
libkeyutils1
libklibc
libkrb5-3
libkrb5support0
liblapack3
liblcms2-2
libldb1
liblightdm-gobject-1-0
liblilv-0-0
liblirc-client0
liblivemedia64
libllvm9
liblmdb0
liblouis-data
liblouis17
liblouisutdml-bin
liblouisutdml-data
liblouisutdml8
libltdl7
liblua5.2-0
libluajit-5.1-2
libluajit-5.1-common
liblwres161
libmad0
libmagic-mgc
libmagic1
libmariadb3
libmatroska6v5
libmenu-cache-bin
libmenu-cache3
libmikmod3
libmjpegutils-2.1-0
libmms0
libmodplug1
libmp3lame0
libmpc3
libmpcdec6
libmpdec2
libmpeg2-4
libmpeg2encpp-2.1-0
libmpfr6
libmpg123-0
libmplex2-2.1-0
libmtdev1
libmtp-common
libmtp9
libmysofa0
libncurses-dev
libncursesw5
libnewt0.52
libnfs12
libnfsidmap2
libnghttp2-14
libnice10
libnl-3-200
libnl-genl-3-200
libnl-route-3-200
libnorm1
libnotify4
libnspr4
libnss-mdns
libnss3
libntfs-3g883
libnuma1
liboauth0
libobrender32v5
libobt2v5
libofa0
libogg0
libopenal-data
libopenal1
libopenexr23
libopenjp2-7
libopenmpt-modplug1
libopenmpt0
libopus0
liborc-0.4-0
libossp-uuid16
libpackagekit-glib2-18
libpam-systemd
libpango-1.0-0
libpangocairo-1.0-0
libpangoft2-1.0-0
libpangoxft-1.0-0
libpaper-utils
libpaper1
libparted-fs-resize0
libparted2
libpci3
libpciaccess0
libpcre2-16-0
libpcre2-8-0
libpcre2-posix0
libpcsclite1
libperl5.28
libpgm-5.2-0
libpigpio-dev
libpigpio1
libpigpiod-if-dev
libpigpiod-if1
libpigpiod-if2-1
libpipewire-0.2-1
libpixman-1-0
libplacebo7
libplist3
libplymouth4
libpng-dev
libpng-tools
libpng16-16
libpolkit-agent-1-0
libpolkit-backend-1-0
libpolkit-gobject-1-0
libpoppler-qt5-1
libpoppler82
libportmidi0
libpostproc55
libprotobuf-c1
libprotobuf-lite17
libproxy-tools
libproxy1v5
libpsl5
libpthread-stubs0-dev
libpulse0
libpulsedsp
libpython-all-dev
libpython-dev
libpython-stdlib
libpython2-dev
libpython2-stdlib
libpython2.7
libpython2.7-dev
libpython2.7-minimal
libpython2.7-stdlib
libpython3-dev
libpython3-stdlib
libpython3.7
libpython3.7-dev
libpython3.7-minimal
libpython3.7-stdlib
libqpdf21
libqt5concurrent5
libqt5core5a
libqt5dbus5
libqt5gui5
libqt5network5
libqt5printsupport5
libqt5sql5
libqt5sql5-sqlite
libqt5svg5
libqt5widgets5
libqt5x11extras5
libqt5xml5
librados2
libraw1394-11
librbd1
librdmacm1
libresid-builder0c2a
librest-0.7-0
librsvg2-2
librsvg2-common
librtimulib-dev
librtimulib-utils
librtimulib7
librtmp1
librubberband2
libsamplerate0
libsane
libsane-common
libsane-hpaio
libsbc1
libsdl-image1.2
libsdl-mixer1.2
libsdl-ttf2.0-0
libsdl1.2debian
libsdl2-2.0-0
libsecret-1-0
libsecret-common
libsensors-config
libsensors5
libserd-0-0
libshine3
libshout3
libsidplay2
libslang2
libsm-dev
libsm6
libsmbclient
libsnappy1v5
libsndfile1
libsndio7.0
libsnmp-base
libsnmp30
libsodium23
libsord-0-0
libsoundtouch1
libsoup-gnome2.4-1
libsoup2.4-1
libsoxr0
libspandsp2
libspatialaudio0
libspectre1
libspeex1
libspeexdsp1
libsratom-0-0
libsrtp2-1
libssh-gcrypt-4
libssh2-1
libstartup-notification0
libstdc++-8-dev
libstemmer0d
libswresample3
libswscale5
libsynctex2
libtag1v5
libtag1v5-vanilla
libtalloc2
libtcl8.6
libtdb1
libtevent0
libthai-data
libthai0
libtheora0
libtiff5
libtirpc-common
libtirpc3
libtk8.6
libtwolame0
libubsan1
libudisks2-0
libunique-1.0-0
libunwind8
libupnp13
libusageenvironment3
libusb-0.1-4
libusb-1.0-0
libusbmuxd4
libv4l-0
libv4l2rds0
libv4lconvert0
libva-drm2
libva-x11-2
libva2
libvdpau-va-gl1
libvdpau1
libvidstab1.1
libvisual-0.4-0
libvlc-bin
libvlc5
libvlccore9
libvo-aacenc0
libvo-amrwbenc0
libvorbis0a
libvorbisenc2
libvorbisfile3
libvpx5
libvte-2.91-0
libvte-2.91-common
libvulkan1
libwacom-common
libwacom2
libwavpack1
libwayland-client0
libwayland-cursor0
libwayland-egl1
libwayland-server0
libwbclient0
libwebkit2gtk-4.0-37
libwebp6
libwebpdemux2
libwebpmux3
libwebrtc-audio-processing1
libwildmidi2
libwnck-common
libwnck22
libwoff1
libwrap0
libx11-6
libx11-data
libx11-dev
libx11-xcb1
libx264-155
libx265-165
libxau-dev
libxau6
libxaw7
libxcb-dri2-0
libxcb-dri3-0
libxcb-glx0
libxcb-icccm4
libxcb-image0
libxcb-keysyms1
libxcb-present0
libxcb-randr0
libxcb-render-util0
libxcb-render0
libxcb-shape0
libxcb-shm0
libxcb-sync1
libxcb-util0
libxcb-xfixes0
libxcb-xinerama0
libxcb-xkb1
libxcb-xv0
libxcb1
libxcb1-dev
libxcomposite1
libxcursor1
libxdamage1
libxdmcp-dev
libxdmcp6
libxext-dev
libxext6
libxfixes3
libxfont2
libxft-dev
libxft2
libxi6
libxinerama1
libxkbcommon-x11-0
libxkbcommon0
libxkbfile1
libxklavier16
libxml2
libxmu6
libxmuu1
libxpm4
libxrandr2
libxrender-dev
libxrender1
libxres1
libxshmfence1
libxslt1.1
libxss-dev
libxss1
libxt-dev
libxt6
libxtst6
libxv1
libxvidcore4
libxxf86dga1
libxxf86vm1
libyaml-0-2
libzbar0
libzmq5
libzvbi-common
libzvbi0
lightdm-gtk-greeter
linux-base
linux-libc-dev
lsb-release
lsof
lxappearance
lxappearance-obconf
lxde-common
lxde-core
lxde-icon-theme
lxhotkey-core
lxhotkey-gtk
lxinput
lxmenu-data
lxpanel
lxpanel-data
lxplug-bluetooth
lxplug-cputemp
lxplug-ejecter
lxplug-magnifier
lxplug-network
lxplug-ptbatt
lxplug-volumepulse
lxpolkit
lxrandr
lxsession
lxsession-data
lxsession-edit
lxsession-logout
lxterminal
make
manpages
mariadb-common
mesa-va-drivers
mesa-vdpau-drivers
mime-support
mypy
mysql-common
ncurses-term
openbox
openbox-lxde-session
openresolv
openssh-client
openssh-server
openssh-sftp-server
openssl
packagekit
patch
pcmanfm
perl
perl-modules-5.28
pi-greeter
pi-language-support
pi-package-data
pi-package-session
pi-printer-support
pigpio-tools
pigpiod
pigz
pipanel
pishutdown
pixflat-icons
plymouth
plymouth-label
plymouth-themes
poppler-data
poppler-utils
printer-driver-escpr
printer-driver-gutenprint
printer-driver-hpcups
printer-driver-postscript-hp
publicsuffix
pulseaudio
pulseaudio-module-bluetooth
pulseaudio-utils
pylint3
pypy-lib
python-all
python-all-dev
python-apt-common
python-asn1crypto
python-blinker
python-cairo
python-certifi
python-cffi-backend
python-chardet
python-click
python-colorama
python-colorzero
python-configparser
python-cookies
python-crypto
python-cryptography
python-dbus
python-dev
python-entrypoints
python-enum34
python-funcsigs
python-gi
python-gobject-2
python-gtk2
python-idna
python-ipaddress
python-itsdangerous
python-jinja2
python-jwt
python-keyring
python-keyrings.alt
python-markupsafe
python-minimal
python-mock
python-numpy
python-oauthlib
python-olefile
python-openssl
python-pbr
python-pil
python-pip-whl
python-pkg-resources
python-pyinotify
python-requests
python-requests-oauthlib
python-responses
python-rtimulib
python-secretstorage
python-sense-hat
python-setuptools
python-simplejson
python-six
python-talloc
python-urllib3
python-werkzeug
python-wheel
python-xdg
python2
python2-dev
python2-minimal
python2.7
python2.7-dev
python2.7-minimal
python3-apt
python3-asn1crypto
python3-astroid
python3-asttokens
python3-blinker
python3-bs4
python3-cairo
python3-certifi
python3-cffi-backend
python3-chardet
python3-click
python3-colorama
python3-colorzero
python3-cookies
python3-crypto
python3-cryptography
python3-cups
python3-cupshelpers
python3-dbus
python3-debconf
python3-dev
python3-distutils
python3-docutils
python3-entrypoints
python3-gi
python3-html5lib
python3-idna
python3-isort
python3-itsdangerous
python3-jedi
python3-jinja2
python3-jwt
python3-keyring
python3-keyrings.alt
python3-lazy-object-proxy
python3-lib2to3
python3-logilab-common
python3-lxml
python3-markupsafe
python3-mccabe
python3-minimal
python3-mypy
python3-mypy-extensions
python3-oauthlib
python3-olefile
python3-openssl
python3-parso
python3-pexpect
python3-pil
python3-pkg-resources
python3-psutil
python3-ptyprocess
python3-pygments
python3-pyinotify
python3-renderpm
python3-reportlab
python3-reportlab-accel
python3-requests
python3-requests-oauthlib
python3-responses
python3-roman
python3-rtimulib
python3-secretstorage
python3-send2trash
python3-sense-hat
python3-setuptools
python3-simplejson
python3-six
python3-smbc
python3-soupsieve
python3-typed-ast
python3-urllib3
python3-venv
python3-webencodings
python3-werkzeug
python3-wheel
python3-wrapt
python3-xdg
python3.7-dev
python3.7-minimal
python3.7-venv
qpdfview-djvu-plugin
qpdfview-ps-plugin
qpdfview-translations
qt5-gtk-platformtheme
qt5-style-plugins
qt5ct
qttranslations5-l10n
read-edid
rp-bookshelf
rpcbind
rpd-plym-splash
rpd-wallpaper
rpi.gpio-common
rtkit
samba-libs
sane-utils
scrot
sgml-base
shared-mime-info
sound-theme-freedesktop
ssl-cert
system-config-printer-common
system-config-printer-udev
tcl
tcl-dev
tcl8.6
tcl8.6-dev
timgm6mb-soundfont
tk
tk8.6
tk8.6-blt2.5
tk8.6-dev
triggerhappy
ucf
udisks2
update-inetd
usb-modeswitch-data
usb.ids
uuid
uuid-dev
va-driver-all
vdpau-driver-all
vlc-bin
vlc-data
vlc-l10n
vlc-plugin-base
vlc-plugin-notify
vlc-plugin-qt
vlc-plugin-samba
vlc-plugin-skins2
vlc-plugin-video-output
vlc-plugin-video-splitter
vlc-plugin-visualization
wget
whiptail
wireless-regdb
x11-common
x11-utils
x11-xkb-utils
x11-xserver-utils
x11proto-core-dev
x11proto-dev
x11proto-scrnsaver-dev
x11proto-xext-dev
xarchiver
xauth
xdg-dbus-proxy
xdg-desktop-portal
xdg-desktop-portal-gtk
xdg-user-dirs
xinput
xkb-data
xml-core
xorg-sgml-doctools
xsel
xserver-common
xserver-xorg-core
xserver-xorg-input-all
xserver-xorg-input-libinput
xtrans-dev
xz-utils
zenity-common
